// Jest Snapshot v1, https://goo.gl/fbAQLP

exports[`<AddBook /> should match snapshots 1`] = `
<h1>
   AddBook 
</h1>
`;
