// Jest Snapshot v1, https://goo.gl/fbAQLP

exports[`<Root /> should match snapshots 1`] = `<App />`;
