// Jest Snapshot v1, https://goo.gl/fbAQLP

exports[`<Book /> should match snapshots 1`] = `
<li>
   
  undefined by undefined
   
</li>
`;
